[2025-06-05 09:43:14] Starting CaseStrainer server...
